Copyright 1986-2022 Xilinx, Inc. All Rights Reserved. Copyright 2022-2026 Advanced Micro Devices, Inc. All Rights Reserved.
---------------------------------------------------------------------------------------------------------------------------------------------
| Tool Version : Vivado v.2026.1 (win64) Build 6511674 Tue Jun 16 11:02:23 MDT 2026
| Date         : Mon Aug  3 15:45:48 2026
| Host         : LAPTOP-64BO2FPL running 64-bit major release  (build 9200)
| Command      : report_control_sets -verbose -file top_unit_pipelined_control_sets_placed.rpt
| Design       : top_unit_pipelined
| Device       : xc7a100t
---------------------------------------------------------------------------------------------------------------------------------------------

Control Set Information

Table of Contents
-----------------
1. Summary
2. Histogram
3. Flip-Flop Distribution
4. Detailed Control Set Information

1. Summary
----------

+----------------------------------------------------------+-------+
|                          Status                          | Count |
+----------------------------------------------------------+-------+
| Total control sets                                       |    61 |
|    Minimum number of control sets                        |    61 |
|    Addition due to synthesis replication                 |     0 |
|    Addition due to physical synthesis replication        |     0 |
| Unused register locations in slices containing registers |    99 |
+----------------------------------------------------------+-------+
* Control sets can be merged at opt_design using control_set_merge or merge_equivalent_drivers
** Run report_qor_suggestions for automated merging and remapping suggestions


2. Histogram
------------

+--------------------+-------+
|       Fanout       | Count |
+--------------------+-------+
| Total control sets |    61 |
| >= 0 to < 4        |     6 |
| >= 4 to < 6        |     6 |
| >= 6 to < 8        |     1 |
| >= 8 to < 10       |    31 |
| >= 10 to < 12      |     2 |
| >= 12 to < 14      |     1 |
| >= 14 to < 16      |     1 |
| >= 16              |    13 |
+--------------------+-------+
* Control sets can be remapped at either synth_design or opt_design


3. Flip-Flop Distribution
-------------------------

+--------------+-----------------------+------------------------+-----------------+--------------+
| Clock Enable | Synchronous Set/Reset | Asynchronous Set/Reset | Total Registers | Total Slices |
+--------------+-----------------------+------------------------+-----------------+--------------+
| No           | No                    | No                     |              74 |           26 |
| No           | No                    | Yes                    |               0 |            0 |
| No           | Yes                   | No                     |             293 |          147 |
| Yes          | No                    | No                     |              12 |            5 |
| Yes          | No                    | Yes                    |               0 |            0 |
| Yes          | Yes                   | No                     |             450 |          200 |
+--------------+-----------------------+------------------------+-----------------+--------------+


4. Detailed Control Set Information
-----------------------------------

+-----------------------+----------------------------------------+--------------------------------------+------------------+----------------+--------------+
|      Clock Signal     |              Enable Signal             |           Set/Reset Signal           | Slice Load Count | Bel Load Count | Bels / Slice |
+-----------------------+----------------------------------------+--------------------------------------+------------------+----------------+--------------+
|  CLK50MHZ             | keyboard/debounce/Iv1_i_1_n_0          |                                      |                1 |              1 |         1.00 |
|  CLK50MHZ             |                                        | keyboard/debounce/Iv1_i_1_n_0        |                1 |              1 |         1.00 |
|  CLK50MHZ             | keyboard/debounce/clear                |                                      |                1 |              1 |         1.00 |
|  CLK50MHZ             | keyboard/debounce/O01_out              |                                      |                1 |              1 |         1.00 |
|  CLK50MHZ             | keyboard/debounce/O10_out              |                                      |                1 |              1 |         1.00 |
|  CLK50MHZ             |                                        |                                      |                1 |              2 |         2.00 |
| ~keyboard/debounce/O0 | keyboard/cnt[0]                        | keyboard/cnt[3]_i_1_n_0              |                1 |              4 |         4.00 |
|  CLK50MHZ             | keyboard/debounce/cnt1[3]_i_1_n_0      | keyboard/debounce/Iv1_i_1_n_0        |                1 |              4 |         4.00 |
|  CLK100MHZ_IBUF_BUFG  | tokenizer/received_byte_reg[2]_0[0]    | execute/SR[0]                        |                2 |              5 |         2.50 |
|  CLK100MHZ_IBUF_BUFG  | tokenizer/token1[84]_i_1_n_0           | UART_rx/received_byte_reg[2]_0       |                1 |              5 |         5.00 |
|  CLK100MHZ_IBUF_BUFG  | UART_rx/E[0]                           | execute/SR[0]                        |                2 |              5 |         2.50 |
|  CLK100MHZ_IBUF_BUFG  | tokenizer/E[0]                         | execute/SR[0]                        |                2 |              5 |         2.50 |
|  CLK100MHZ_IBUF_BUFG  | UART_tx/shift_reg[0]                   | UART_tx/shift_reg[6]_i_1_n_0         |                4 |              7 |         1.75 |
|  CLK100MHZ_IBUF_BUFG  | tokenizer/token2[7]_i_1_n_0            | UART_rx/received_byte_reg[2]_0       |                3 |              8 |         2.67 |
|  CLK100MHZ_IBUF_BUFG  | tokenizer/token2[79]_i_1_n_0           | UART_rx/received_byte_reg[2]_0       |                5 |              8 |         1.60 |
|  CLK100MHZ_IBUF_BUFG  | tokenizer/token3[7]_i_1_n_0            | UART_rx/received_byte_reg[2]_0       |                2 |              8 |         4.00 |
|  CLK100MHZ_IBUF_BUFG  | tokenizer/token2[71]_i_1_n_0           | UART_rx/received_byte_reg[2]_0       |                6 |              8 |         1.33 |
|  CLK100MHZ_IBUF_BUFG  | tokenizer/token2[87]_i_1_n_0           | UART_rx/received_byte_reg[2]_0       |                3 |              8 |         2.67 |
|  CLK100MHZ_IBUF_BUFG  | execute/E[0]                           |                                      |                1 |              8 |         8.00 |
|  CLK100MHZ_IBUF_BUFG  | tokenizer/token3[47]_i_1_n_0           | UART_rx/received_byte_reg[2]_0       |                5 |              8 |         1.60 |
|  CLK100MHZ_IBUF_BUFG  | tokenizer/token3[71]_i_1_n_0           | UART_rx/received_byte_reg[2]_0       |                5 |              8 |         1.60 |
|  CLK100MHZ_IBUF_BUFG  | tokenizer/token2[55]_i_1_n_0           | UART_rx/received_byte_reg[2]_0       |                5 |              8 |         1.60 |
|  CLK100MHZ_IBUF_BUFG  | tokenizer/token2[47]_i_1_n_0           | UART_rx/received_byte_reg[2]_0       |                3 |              8 |         2.67 |
|  CLK100MHZ_IBUF_BUFG  | tokenizer/token3[55]_i_1_n_0           | UART_rx/received_byte_reg[2]_0       |                3 |              8 |         2.67 |
|  CLK100MHZ_IBUF_BUFG  | tokenizer/token3[23]_i_1_n_0           | UART_rx/received_byte_reg[2]_0       |                2 |              8 |         4.00 |
|  CLK100MHZ_IBUF_BUFG  | tokenizer/token1[79]_i_1_n_0           | UART_rx/received_byte_reg[2]_0       |                3 |              8 |         2.67 |
|  CLK100MHZ_IBUF_BUFG  | tokenizer/mnemonic[15]_i_1_n_0         | UART_rx/received_byte_reg[2]_0       |                3 |              8 |         2.67 |
|  CLK100MHZ_IBUF_BUFG  | tokenizer/mnemonic[23]_i_1_n_0         | UART_rx/received_byte_reg[2]_0       |                2 |              8 |         4.00 |
|  CLK100MHZ_IBUF_BUFG  | tokenizer/mnemonic[31]_i_2_n_0         | UART_rx/received_byte_reg[2]_0       |                2 |              8 |         4.00 |
|  CLK100MHZ_IBUF_BUFG  | tokenizer/mnemonic[7]_i_1_n_0          | UART_rx/received_byte_reg[2]_0       |                2 |              8 |         4.00 |
|  CLK100MHZ_IBUF_BUFG  | tokenizer/token2[63]_i_1_n_0           | UART_rx/received_byte_reg[2]_0       |                6 |              8 |         1.33 |
|  CLK100MHZ_IBUF_BUFG  | tokenizer/token2[15]_i_1_n_0           | UART_rx/received_byte_reg[2]_0       |                3 |              8 |         2.67 |
|  CLK100MHZ_IBUF_BUFG  | tokenizer/token2[23]_i_1_n_0           | UART_rx/received_byte_reg[2]_0       |                2 |              8 |         4.00 |
|  CLK100MHZ_IBUF_BUFG  | tokenizer/token2[31]_i_1_n_0           | UART_rx/received_byte_reg[2]_0       |                3 |              8 |         2.67 |
|  CLK100MHZ_IBUF_BUFG  | tokenizer/token3[31]_i_1_n_0           | UART_rx/received_byte_reg[2]_0       |                3 |              8 |         2.67 |
|  CLK100MHZ_IBUF_BUFG  | tokenizer/token3[39]_i_1_n_0           | UART_rx/received_byte_reg[2]_0       |                4 |              8 |         2.00 |
|  CLK100MHZ_IBUF_BUFG  | tokenizer/token2[95]_i_1_n_0           | UART_rx/received_byte_reg[2]_0       |                4 |              8 |         2.00 |
|  CLK100MHZ_IBUF_BUFG  | tokenizer/token3[15]_i_1_n_0           | UART_rx/received_byte_reg[2]_0       |                2 |              8 |         4.00 |
|  CLK100MHZ_IBUF_BUFG  | tokenizer/token3[87]_i_1_n_0           | UART_rx/received_byte_reg[2]_0       |                5 |              8 |         1.60 |
|  CLK100MHZ_IBUF_BUFG  | tokenizer/token3[63]_i_1_n_0           | UART_rx/received_byte_reg[2]_0       |                4 |              8 |         2.00 |
|  CLK100MHZ_IBUF_BUFG  | tokenizer/token3[79]_i_1_n_0           | UART_rx/received_byte_reg[2]_0       |                4 |              8 |         2.00 |
|  CLK100MHZ_IBUF_BUFG  | tokenizer/token3[95]_i_1_n_0           | UART_rx/received_byte_reg[2]_0       |                3 |              8 |         2.67 |
|  CLK100MHZ_IBUF_BUFG  | tokenizer/token2[39]_i_1_n_0           | UART_rx/received_byte_reg[2]_0       |                5 |              8 |         1.60 |
| ~keyboard/debounce/O0 |                                        |                                      |                3 |              9 |         3.00 |
|  keyboard/flag        |                                        |                                      |                2 |             10 |         5.00 |
|  CLK100MHZ_IBUF_BUFG  | decode/p_0_in                          | execute/SR[0]                        |                3 |             10 |         3.33 |
|  CLK100MHZ_IBUF_BUFG  | UART_rx/cycle_counter[0]               | UART_rx/cycle_counter[13]_i_1__0_n_0 |                4 |             13 |         3.25 |
|  CLK100MHZ_IBUF_BUFG  | UART_tx/cycle_counter[13]_i_2_n_0      | UART_tx/cycle_counter[13]_i_1_n_0    |                5 |             14 |         2.80 |
|  CLK100MHZ_IBUF_BUFG  | mnemonic_decoder/line_ready_d1_reg_n_0 | execute/SR[0]                        |               11 |             24 |         2.18 |
|  CLK100MHZ_IBUF_BUFG  | UART_rx/state_reg_2                    | UART_rx/received_byte_reg[2]_0       |                8 |             29 |         3.62 |
|  CLK100MHZ_IBUF_BUFG  | decode/E[0]                            | decode/SR[0]                         |                7 |             30 |         4.29 |
|  CLK100MHZ_IBUF_BUFG  | mnemonic_decoder/line_ready_d2         | execute/SR[0]                        |               18 |             31 |         1.72 |
|  CLK100MHZ_IBUF_BUFG  | tokenizer/received_byte_reg[2][0]      | execute/SR[0]                        |               29 |             32 |         1.10 |
|  CLK100MHZ_IBUF_BUFG  |                                        |                                      |               20 |             53 |         2.65 |
|  CLK100MHZ_IBUF_BUFG  | memory_access/p_0_in__0                |                                      |               11 |             88 |         8.00 |
|  CLK100MHZ_IBUF_BUFG  |                                        | decode/Imm_outE[31]_i_1_n_0          |               64 |            109 |         1.70 |
|  CLK100MHZ_IBUF_BUFG  | execute/ALuResultM_reg[10]_0           |                                      |               32 |            128 |         4.00 |
|  CLK100MHZ_IBUF_BUFG  | execute/ALuResultM_reg[11]_1           |                                      |               32 |            128 |         4.00 |
|  CLK100MHZ_IBUF_BUFG  | execute/MemWriteM_reg_0                |                                      |               32 |            128 |         4.00 |
|  CLK100MHZ_IBUF_BUFG  | execute/MemWriteM_reg_1                |                                      |               32 |            128 |         4.00 |
|  CLK100MHZ_IBUF_BUFG  |                                        | execute/SR[0]                        |               82 |            183 |         2.23 |
+-----------------------+----------------------------------------+--------------------------------------+------------------+----------------+--------------+


