#-----------------------------------------------------------
# Vivado v2026.1 (64-bit)
# SW Build 6511674 on Tue Jun 16 11:02:23 MDT 2026
# IP Build 6504888 on Tue Jun 09 09:05:25 MDT 2026
# SharedData Build 6501428 on Mon Jun 08 17:34:18 MDT 2026
# Start of session at: Sun Aug  2 18:11:07 2026
# Process ID         : 812
# Current directory  : C:/Users/30697/OneDrive/project_writng/project_writng.runs/impl_1
# Command line       : vivado.exe -log top_unit_pipelined.vdi -applog -product Vivado -messageDb vivado.pb -mode batch -source top_unit_pipelined.tcl -notrace
# Log file           : C:/Users/30697/OneDrive/project_writng/project_writng.runs/impl_1/top_unit_pipelined.vdi
# Journal file       : C:/Users/30697/OneDrive/project_writng/project_writng.runs/impl_1\vivado.jou
# Running On         : LAPTOP-64BO2FPL
# Platform           : Windows 10
# Operating System   : 19045
# Processor Detail   : AMD Ryzen 5 3500U with Radeon Vega Mobile Gfx  
# CPU Frequency      : 2096 MHz
# CPU Physical cores : 4
# CPU Logical cores  : 8
# Host memory        : 6378 MB
# Swap memory        : 6174 MB
# Total Virtual      : 12552 MB
# Available Virtual  : 6252 MB
#-----------------------------------------------------------
source top_unit_pipelined.tcl -notrace
