
*** Running vivado
    with args -log top_unit_pipelined.vdi -applog -m64 -product Vivado -messageDb vivado.pb -mode batch -source top_unit_pipelined.tcl -notrace


INFO: [Common 17-3922] A valid Vivado Design Suite BASIC license has been detected. Your current license is active and will expire on 17-jul-2027.
#-----------------------------------------------------------
# Vivado v2026.1 (64-bit)
# SW Build 6511674 on Tue Jun 16 11:02:23 MDT 2026
# IP Build 6504888 on Tue Jun 09 09:05:25 MDT 2026
# SharedData Build 6501428 on Mon Jun 08 17:34:18 MDT 2026
# Start of session at: Thu Aug 20 15:04:45 2026
# Process ID         : 15436
# Current directory  : D:/project_terminal_problem_solve/project_terminal_problem_solve.runs/impl_1
# Command line       : vivado.exe -log top_unit_pipelined.vdi -applog -product Vivado -messageDb vivado.pb -mode batch -source top_unit_pipelined.tcl -notrace
# Log file           : D:/project_terminal_problem_solve/project_terminal_problem_solve.runs/impl_1/top_unit_pipelined.vdi
# Journal file       : D:/project_terminal_problem_solve/project_terminal_problem_solve.runs/impl_1\vivado.jou
# Running On         : LAPTOP-64BO2FPL
# Platform           : Windows 10
# Operating System   : 19045
# Processor Detail   : AMD Ryzen 5 3500U with Radeon Vega Mobile Gfx  
# CPU Frequency      : 2096 MHz
# CPU Physical cores : 4
# CPU Logical cores  : 8
# Host memory        : 6378 MB
# Swap memory        : 10038 MB
# Total Virtual      : 16416 MB
# Available Virtual  : 6432 MB
#-----------------------------------------------------------

****** Vivado v2026.1 (64-bit)
  **** SW Build 6511674 on Tue Jun 16 11:02:23 MDT 2026
  **** IP Build 6504888 on Tue Jun 09 09:05:25 MDT 2026
  **** SharedData Build 6501428 on Mon Jun 08 17:34:18 MDT 2026
  **** Start of session at: Thu Aug 20 15:04:45 2026
    ** Copyright 1986-2022 Xilinx, Inc. All Rights Reserved.
    ** Copyright 2022-2026 Advanced Micro Devices, Inc. All Rights Reserved.

source top_unit_pipelined.tcl -notrace
create_project: Time (s): cpu = 00:00:18 ; elapsed = 00:00:14 . Memory (MB): peak = 583.238 ; gain = 266.707
Command: link_design -top top_unit_pipelined -part xc7a100tcsg324-1
Design is defaulting to srcset: sources_1
Design is defaulting to constrset: constrs_1
INFO: [Device 21-403] Loading part xc7a100tcsg324-1
Netlist sorting complete. Time (s): cpu = 00:00:00 ; elapsed = 00:00:00.052 . Memory (MB): peak = 804.359 ; gain = 0.000
INFO: [Netlist 29-17] Analyzing 775 Unisim elements for replacement
INFO: [Netlist 29-28] Unisim Transformation completed in 0 CPU seconds
INFO: [Project 1-479] Netlist was created with Vivado 2026.1
INFO: [Project 1-570] Preparing netlist for logic optimization
Parsing XDC File [D:/project_terminal_problem_solve/project_terminal_problem_solve.srcs/constrs_1/imports/constraints/Nexys-A7-100T-Master.xdc]
Finished Parsing XDC File [D:/project_terminal_problem_solve/project_terminal_problem_solve.srcs/constrs_1/imports/constraints/Nexys-A7-100T-Master.xdc]
INFO: [Opt 31-138] Pushed 0 inverter(s) to 0 load pin(s).
Netlist sorting complete. Time (s): cpu = 00:00:00 ; elapsed = 00:00:00.008 . Memory (MB): peak = 950.320 ; gain = 0.000
INFO: [Project 1-111] Unisim Transformation Summary:
  A total of 142 instances were transformed.
  RAM256X1S => RAM256X1S (MUXF7(x2), MUXF8, RAMS64E(x4)): 128 instances
  RAM32M => RAM32M (RAMD32(x6), RAMS32(x2)): 10 instances
  RAM32X1D => RAM32X1D (RAMD32(x2)): 4 instances

7 Infos, 0 Warnings, 0 Critical Warnings and 0 Errors encountered.
link_design completed successfully
link_design: Time (s): cpu = 00:00:09 ; elapsed = 00:00:16 . Memory (MB): peak = 950.320 ; gain = 367.082
Command: opt_design
Attempting to get a license for feature 'Vivado_Implementation' and/or device 'xc7a100t'
INFO: [Common 17-349] Got license for feature 'Vivado_Implementation' and/or device 'xc7a100t'
Running DRC as a precondition to command opt_design

Starting DRC Task
INFO: [DRC 23-27] Running DRC with 2 threads
INFO: [Project 1-461] DRC finished with 0 Errors
INFO: [Project 1-462] Please refer to the DRC report (report_drc) for more information.

Time (s): cpu = 00:00:01 ; elapsed = 00:00:01 . Memory (MB): peak = 962.332 ; gain = 12.012

Starting Cache Timing Information Task
INFO: [Timing 38-35] Done setting XDC timing constraints.
Ending Cache Timing Information Task | Checksum: 2a67b7e12

Time (s): cpu = 00:00:10 ; elapsed = 00:00:10 . Memory (MB): peak = 1529.707 ; gain = 567.375

Starting Logic Optimization Task

Phase 1 Initialization

Phase 1.1 Core Generation And Design Setup
Phase 1.1 Core Generation And Design Setup | Checksum: 2a67b7e12

Time (s): cpu = 00:00:00 ; elapsed = 00:00:00.025 . Memory (MB): peak = 2029.801 ; gain = 0.000

Phase 1.2 Setup Constraints And Sort Netlist
Phase 1.2 Setup Constraints And Sort Netlist | Checksum: 2a67b7e12

Time (s): cpu = 00:00:00 ; elapsed = 00:00:00.075 . Memory (MB): peak = 2029.801 ; gain = 0.000
Phase 1 Initialization | Checksum: 2a67b7e12

Time (s): cpu = 00:00:00 ; elapsed = 00:00:00.078 . Memory (MB): peak = 2029.801 ; gain = 0.000

Phase 2 Timer Update And Timing Data Collection

Phase 2.1 Detect if minReqCache needed
Phase 2.1 Detect if minReqCache needed | Checksum: 2a67b7e12

Time (s): cpu = 00:00:00 ; elapsed = 00:00:00.126 . Memory (MB): peak = 2029.801 ; gain = 0.000

Phase 2.2 Timer Update
Phase 2.2 Timer Update | Checksum: 2a67b7e12

Time (s): cpu = 00:00:01 ; elapsed = 00:00:00.608 . Memory (MB): peak = 2029.801 ; gain = 0.000

Phase 2.3 Timing Data Collection
Phase 2.3 Timing Data Collection | Checksum: 2a67b7e12

Time (s): cpu = 00:00:01 ; elapsed = 00:00:00.619 . Memory (MB): peak = 2029.801 ; gain = 0.000
Phase 2 Timer Update And Timing Data Collection | Checksum: 2a67b7e12

Time (s): cpu = 00:00:01 ; elapsed = 00:00:00.622 . Memory (MB): peak = 2029.801 ; gain = 0.000

Phase 3 Retarget
INFO: [Opt 31-1851] Number of loadless carry chains removed were: 0
INFO: [Opt 31-1834] Total Chains To Be Transformed Were: 0 AND Number of Transformed insts Created are: 0
INFO: [Opt 31-1566] Pulled 51 inverters resulting in an inversion of 367 pins
INFO: [Opt 31-138] Pushed 0 inverter(s) to 0 load pin(s).
INFO: [Opt 31-49] Retargeted 0 cell(s).
Phase 3 Retarget | Checksum: 20dce7b40

Time (s): cpu = 00:00:01 ; elapsed = 00:00:01 . Memory (MB): peak = 2029.801 ; gain = 0.000
Retarget | Checksum: 20dce7b40
INFO: [Opt 31-389] Phase Retarget created 0 cells and removed 51 cells

Phase 4 Constant propagation
INFO: [Opt 31-138] Pushed 0 inverter(s) to 0 load pin(s).
Phase 4 Constant propagation | Checksum: 281a0178e

Time (s): cpu = 00:00:02 ; elapsed = 00:00:01 . Memory (MB): peak = 2029.801 ; gain = 0.000
Constant propagation | Checksum: 281a0178e
INFO: [Opt 31-389] Phase Constant propagation created 0 cells and removed 0 cells

Phase 5 Sweep
INFO: [Constraints 18-11670] Building netlist checker database with flags, 0x8
Done building netlist checker database: Time (s): cpu = 00:00:00 ; elapsed = 00:00:00.003 . Memory (MB): peak = 2029.801 ; gain = 0.000
Phase 5 Sweep | Checksum: 2d788256f

Time (s): cpu = 00:00:02 ; elapsed = 00:00:01 . Memory (MB): peak = 2029.801 ; gain = 0.000
Sweep | Checksum: 2d788256f
INFO: [Opt 31-389] Phase Sweep created 0 cells and removed 0 cells

Phase 6 BUFG optimization
Phase 6 BUFG optimization | Checksum: 2d788256f

Time (s): cpu = 00:00:02 ; elapsed = 00:00:02 . Memory (MB): peak = 2029.801 ; gain = 0.000
BUFG optimization | Checksum: 2d788256f
INFO: [Opt 31-662] Phase BUFG optimization created 0 cells of which 0 are BUFGs and removed 0 cells.

Phase 7 Shift Register Optimization
INFO: [Opt 31-1064] SRL Remap converted 0 SRLs to 0 registers and converted 0 registers of register chains to 0 SRLs
Phase 7 Shift Register Optimization | Checksum: 2d788256f

Time (s): cpu = 00:00:02 ; elapsed = 00:00:02 . Memory (MB): peak = 2029.801 ; gain = 0.000
Shift Register Optimization | Checksum: 2d788256f
INFO: [Opt 31-389] Phase Shift Register Optimization created 0 cells and removed 0 cells

Phase 8 Post Processing Netlist
Phase 8 Post Processing Netlist | Checksum: 2d788256f

Time (s): cpu = 00:00:02 ; elapsed = 00:00:02 . Memory (MB): peak = 2029.801 ; gain = 0.000
Post Processing Netlist | Checksum: 2d788256f
INFO: [Opt 31-389] Phase Post Processing Netlist created 0 cells and removed 0 cells

Phase 9 Finalization

Phase 9.1 Finalizing Design Cores and Updating Shapes
Phase 9.1 Finalizing Design Cores and Updating Shapes | Checksum: 22a7776e0

Time (s): cpu = 00:00:02 ; elapsed = 00:00:02 . Memory (MB): peak = 2029.801 ; gain = 0.000

Phase 9.2 Verifying Netlist Connectivity

Starting Connectivity Check Task

Time (s): cpu = 00:00:01 ; elapsed = 00:00:00.052 . Memory (MB): peak = 2029.801 ; gain = 0.000
Phase 9.2 Verifying Netlist Connectivity | Checksum: 22a7776e0

Time (s): cpu = 00:00:03 ; elapsed = 00:00:02 . Memory (MB): peak = 2029.801 ; gain = 0.000
Phase 9 Finalization | Checksum: 22a7776e0

Time (s): cpu = 00:00:03 ; elapsed = 00:00:02 . Memory (MB): peak = 2029.801 ; gain = 0.000
Opt_design Change Summary
=========================


-------------------------------------------------------------------------------------------------------------------------
|  Phase                        |  #Cells created  |  #Cells Removed  |  #Constrained objects preventing optimizations  |
-------------------------------------------------------------------------------------------------------------------------
|  Retarget                     |               0  |              51  |                                              0  |
|  Constant propagation         |               0  |               0  |                                              0  |
|  Sweep                        |               0  |               0  |                                              0  |
|  BUFG optimization            |               0  |               0  |                                              0  |
|  Shift Register Optimization  |               0  |               0  |                                              0  |
|  Post Processing Netlist      |               0  |               0  |                                              0  |
-------------------------------------------------------------------------------------------------------------------------


Ending Logic Optimization Task | Checksum: 22a7776e0

Time (s): cpu = 00:00:03 ; elapsed = 00:00:02 . Memory (MB): peak = 2029.801 ; gain = 0.000

Starting Power Optimization Task
INFO: [Pwropt 34-132] Skipping clock gating for clocks with a period < 2.00 ns.
Ending Power Optimization Task | Checksum: 22a7776e0

Time (s): cpu = 00:00:00 ; elapsed = 00:00:00.149 . Memory (MB): peak = 2029.801 ; gain = 0.000

Starting Final Cleanup Task
Ending Final Cleanup Task | Checksum: 22a7776e0

Time (s): cpu = 00:00:00 ; elapsed = 00:00:00.004 . Memory (MB): peak = 2029.801 ; gain = 0.000
Netlist sorting complete. Time (s): cpu = 00:00:00 ; elapsed = 00:00:00.008 . Memory (MB): peak = 2029.801 ; gain = 0.000
INFO: [Common 17-83] Releasing license: Vivado_Implementation
28 Infos, 0 Warnings, 0 Critical Warnings and 0 Errors encountered.
opt_design completed successfully
opt_design: Time (s): cpu = 00:00:19 ; elapsed = 00:00:21 . Memory (MB): peak = 2029.801 ; gain = 1079.480
INFO: [Vivado 12-24828] Executing command : report_drc -file top_unit_pipelined_drc_opted.rpt -pb top_unit_pipelined_drc_opted.pb -rpx top_unit_pipelined_drc_opted.rpx
Command: report_drc -file top_unit_pipelined_drc_opted.rpt -pb top_unit_pipelined_drc_opted.pb -rpx top_unit_pipelined_drc_opted.rpx
INFO: [IP_Flow 19-234] Refreshing IP repositories
INFO: [IP_Flow 19-1704] No user IP repositories specified
INFO: [IP_Flow 19-2313] Loaded Vivado IP repository 'D:/vivado/2026.1/Vivado/data/ip'.
INFO: [DRC 23-27] Running DRC with 2 threads
INFO: [Vivado_Tcl 2-168] The results of DRC are in file D:/project_terminal_problem_solve/project_terminal_problem_solve.runs/impl_1/top_unit_pipelined_drc_opted.rpt.
report_drc completed successfully
report_drc: Time (s): cpu = 00:00:05 ; elapsed = 00:00:06 . Memory (MB): peak = 2029.801 ; gain = 0.000
generate_parallel_reports: Time (s): cpu = 00:00:05 ; elapsed = 00:00:06 . Memory (MB): peak = 2029.801 ; gain = 0.000
INFO: [Timing 38-480] Writing timing data to binary archive.
Wrote PlaceDB: Time (s): cpu = 00:00:00 ; elapsed = 00:00:00.001 . Memory (MB): peak = 2029.801 ; gain = 0.000
Write ShapeDB Complete: Time (s): cpu = 00:00:00 ; elapsed = 00:00:00.037 . Memory (MB): peak = 2029.801 ; gain = 0.000
Wrote PulsedLatchDB: Time (s): cpu = 00:00:00 ; elapsed = 00:00:00.041 . Memory (MB): peak = 2029.801 ; gain = 0.000
Writing XDEF routing.
Writing XDEF routing logical nets.
Writing XDEF routing special nets.
Wrote RouteStorage: Time (s): cpu = 00:00:00 ; elapsed = 00:00:00.037 . Memory (MB): peak = 2029.801 ; gain = 0.000
Wrote PlaceStorage: Time (s): cpu = 00:00:00 ; elapsed = 00:00:00.003 . Memory (MB): peak = 2029.801 ; gain = 0.000
Wrote Netlist Cache: Time (s): cpu = 00:00:00 ; elapsed = 00:00:00 . Memory (MB): peak = 2029.801 ; gain = 0.000
Wrote Device Cache: Time (s): cpu = 00:00:00 ; elapsed = 00:00:00.013 . Memory (MB): peak = 2029.801 ; gain = 0.000
Write Physdb Complete: Time (s): cpu = 00:00:00 ; elapsed = 00:00:00.131 . Memory (MB): peak = 2029.801 ; gain = 0.000
INFO: [Common 17-1381] The checkpoint 'D:/project_terminal_problem_solve/project_terminal_problem_solve.runs/impl_1/top_unit_pipelined_opt.dcp' has been generated.
Command: place_design
Attempting to get a license for feature 'Vivado_Implementation' and/or device 'xc7a100t'
INFO: [Common 17-349] Got license for feature 'Vivado_Implementation' and/or device 'xc7a100t'
INFO: [Common 17-83] Releasing license: Vivado_Implementation
INFO: [Timing 38-35] Done setting XDC timing constraints.
Running DRC as a precondition to command place_design
INFO: [DRC 23-27] Running DRC with 2 threads
INFO: [Vivado_Tcl 4-198] DRC finished with 0 Errors
INFO: [Vivado_Tcl 4-199] Please refer to the DRC report (report_drc) for more information.
INFO: [Place 30-611] Multithreading enabled for place_design using a maximum of 2 CPUs

Starting Placer Task

Phase 1 Placer Initialization

Phase 1.1 Placer Initialization Netlist Sorting
Netlist sorting complete. Time (s): cpu = 00:00:00 ; elapsed = 00:00:00.009 . Memory (MB): peak = 2029.801 ; gain = 0.000
Phase 1.1 Placer Initialization Netlist Sorting | Checksum: 1fb3a0e05

Time (s): cpu = 00:00:00 ; elapsed = 00:00:00.287 . Memory (MB): peak = 2029.801 ; gain = 0.000
Netlist sorting complete. Time (s): cpu = 00:00:00 ; elapsed = 00:00:00.009 . Memory (MB): peak = 2029.801 ; gain = 0.000

Phase 1.2 IO Placement/ Clock Placement/ Build Placer Device
Phase 1.2 IO Placement/ Clock Placement/ Build Placer Device | Checksum: 18d75771f

Time (s): cpu = 00:00:02 ; elapsed = 00:00:02 . Memory (MB): peak = 2029.801 ; gain = 0.000

Phase 1.3 Build Placer Netlist Model
Phase 1.3 Build Placer Netlist Model | Checksum: 22e12ba72

Time (s): cpu = 00:00:07 ; elapsed = 00:00:07 . Memory (MB): peak = 2029.801 ; gain = 0.000

Phase 1.4 Constrain Clocks/Macros
Phase 1.4 Constrain Clocks/Macros | Checksum: 22e12ba72

Time (s): cpu = 00:00:07 ; elapsed = 00:00:07 . Memory (MB): peak = 2029.801 ; gain = 0.000
Phase 1 Placer Initialization | Checksum: 22e12ba72

Time (s): cpu = 00:00:07 ; elapsed = 00:00:07 . Memory (MB): peak = 2029.801 ; gain = 0.000

Phase 2 Global Placement

Phase 2.1 Floorplanning
Phase 2.1 Floorplanning | Checksum: 27c617874

Time (s): cpu = 00:00:11 ; elapsed = 00:00:09 . Memory (MB): peak = 2029.801 ; gain = 0.000

Phase 2.2 Update Timing before SLR Path Opt
Phase 2.2 Update Timing before SLR Path Opt | Checksum: 1e026eef1

Time (s): cpu = 00:00:14 ; elapsed = 00:00:11 . Memory (MB): peak = 2029.801 ; gain = 0.000

Phase 2.3 Post-Processing in Floorplanning
Phase 2.3 Post-Processing in Floorplanning | Checksum: 1e026eef1

Time (s): cpu = 00:00:14 ; elapsed = 00:00:11 . Memory (MB): peak = 2029.801 ; gain = 0.000

Phase 2.4 Global Place Phase1
Phase 2.4 Global Place Phase1 | Checksum: 1c68bfe0f

Time (s): cpu = 00:00:37 ; elapsed = 00:00:23 . Memory (MB): peak = 2029.801 ; gain = 0.000

Phase 2.5 Global Place Phase2

Phase 2.5.1 UpdateTiming Before Physical Synthesis
Phase 2.5.1 UpdateTiming Before Physical Synthesis | Checksum: 1c68bfe0f

Time (s): cpu = 00:00:40 ; elapsed = 00:00:25 . Memory (MB): peak = 2029.801 ; gain = 0.000

Phase 2.5.2 Physical Synthesis In Placer
INFO: [Physopt 32-1035] Found 0 LUTNM shape to break, 386 LUT instances to create LUTNM shape
INFO: [Physopt 32-1044] Break lutnm for timing: one critical 0, two critical 0, total 0, new lutff created 0
INFO: [Physopt 32-1138] End 1 Pass. Optimized 140 nets or LUTs. Breaked 0 LUT, combined 140 existing LUTs and moved 0 existing LUT
INFO: [Physopt 32-65] No nets found for high-fanout optimization.
INFO: [Physopt 32-232] Optimized 0 net. Created 0 new instance.
INFO: [Physopt 32-775] End 1 Pass. Optimized 0 net or cell. Created 0 new cell, deleted 0 existing cell and moved 0 existing cell
INFO: [Physopt 32-670] No setup violation found.  DSP Register Optimization was not performed.
INFO: [Physopt 32-670] No setup violation found.  Shift Register to Pipeline Optimization was not performed.
INFO: [Physopt 32-670] No setup violation found.  Shift Register Optimization was not performed.
INFO: [Physopt 32-670] No setup violation found.  BRAM Register Optimization was not performed.
INFO: [Physopt 32-670] No setup violation found.  URAM Register Optimization was not performed.
INFO: [Physopt 32-949] No candidate nets found for dynamic/static region interface net replication
INFO: [Physopt 32-775] End 1 Pass. Optimized 0 net or cell. Created 0 new cell, deleted 0 existing cell and moved 0 existing cell
Netlist sorting complete. Time (s): cpu = 00:00:00 ; elapsed = 00:00:00.007 . Memory (MB): peak = 2029.801 ; gain = 0.000

Summary of Physical Synthesis Optimizations
============================================


-----------------------------------------------------------------------------------------------------------------------------------------------------------
|  Optimization                                     |  Added Cells  |  Removed Cells  |  Optimized Cells/Nets  |  Dont Touch  |  Iterations  |  Elapsed   |
-----------------------------------------------------------------------------------------------------------------------------------------------------------
|  LUT Combining                                    |            0  |            140  |                   140  |           0  |           1  |  00:00:01  |
|  Retime                                           |            0  |              0  |                     0  |           0  |           1  |  00:00:00  |
|  Very High Fanout                                 |            0  |              0  |                     0  |           0  |           1  |  00:00:00  |
|  DSP Register                                     |            0  |              0  |                     0  |           0  |           0  |  00:00:00  |
|  Shift Register to Pipeline                       |            0  |              0  |                     0  |           0  |           0  |  00:00:00  |
|  Shift Register                                   |            0  |              0  |                     0  |           0  |           0  |  00:00:00  |
|  BRAM Register                                    |            0  |              0  |                     0  |           0  |           0  |  00:00:00  |
|  URAM Register                                    |            0  |              0  |                     0  |           0  |           0  |  00:00:00  |
|  Dynamic/Static Region Interface Net Replication  |            0  |              0  |                     0  |           0  |           1  |  00:00:00  |
|  Total                                            |            0  |            140  |                   140  |           0  |           4  |  00:00:01  |
-----------------------------------------------------------------------------------------------------------------------------------------------------------


Phase 2.5.2 Physical Synthesis In Placer | Checksum: 25cd56460

Time (s): cpu = 00:00:46 ; elapsed = 00:00:29 . Memory (MB): peak = 2029.801 ; gain = 0.000
Phase 2.5 Global Place Phase2 | Checksum: 2a331b776

Time (s): cpu = 00:00:47 ; elapsed = 00:00:31 . Memory (MB): peak = 2029.801 ; gain = 0.000
Phase 2 Global Placement | Checksum: 2a331b776

Time (s): cpu = 00:00:47 ; elapsed = 00:00:31 . Memory (MB): peak = 2029.801 ; gain = 0.000

Phase 3 Detail Placement

Phase 3.1 Commit Multi Column Macros
Phase 3.1 Commit Multi Column Macros | Checksum: 231fb3dc5

Time (s): cpu = 00:00:50 ; elapsed = 00:00:33 . Memory (MB): peak = 2029.801 ; gain = 0.000

Phase 3.2 Commit Most Macros & LUTRAMs
Phase 3.2 Commit Most Macros & LUTRAMs | Checksum: 21d81d4c5

Time (s): cpu = 00:00:57 ; elapsed = 00:00:38 . Memory (MB): peak = 2029.801 ; gain = 0.000

Phase 3.3 Area Swap Optimization
Phase 3.3 Area Swap Optimization | Checksum: 1efec9270

Time (s): cpu = 00:00:57 ; elapsed = 00:00:38 . Memory (MB): peak = 2029.801 ; gain = 0.000

Phase 3.4 Pipeline Register Optimization
Phase 3.4 Pipeline Register Optimization | Checksum: 20f18b85d

Time (s): cpu = 00:00:57 ; elapsed = 00:00:38 . Memory (MB): peak = 2029.801 ; gain = 0.000

Phase 3.5 Small Shape Detail Placement
Phase 3.5 Small Shape Detail Placement | Checksum: 218cdb0e0

Time (s): cpu = 00:01:01 ; elapsed = 00:00:44 . Memory (MB): peak = 2029.801 ; gain = 0.000

Phase 3.6 Re-assign LUT pins
Phase 3.6 Re-assign LUT pins | Checksum: 2762bec93

Time (s): cpu = 00:01:02 ; elapsed = 00:00:45 . Memory (MB): peak = 2029.801 ; gain = 0.000

Phase 3.7 Pipeline Register Optimization
Phase 3.7 Pipeline Register Optimization | Checksum: 2591742be

Time (s): cpu = 00:01:02 ; elapsed = 00:00:45 . Memory (MB): peak = 2029.801 ; gain = 0.000
Phase 3 Detail Placement | Checksum: 2591742be

Time (s): cpu = 00:01:03 ; elapsed = 00:00:45 . Memory (MB): peak = 2029.801 ; gain = 0.000

Phase 4 Post Placement Optimization and Clean-Up

Phase 4.1 Post Commit Optimization
INFO: [Timing 38-35] Done setting XDC timing constraints.

Phase 4.1.1 Post Placement Optimization
Post Placement Optimization Initialization | Checksum: 1b0274ade

Phase 4.1.1.1 BUFG Insertion

Starting Physical Synthesis Task

Phase 1 Physical Synthesis Initialization
INFO: [Physopt 32-721] Multithreading enabled for phys_opt_design using a maximum of 2 CPUs
INFO: [Physopt 32-619] Estimated Timing Summary | WNS=5.648 | TNS=0.000 |
Phase 1 Physical Synthesis Initialization | Checksum: 842cb028

Time (s): cpu = 00:00:00 ; elapsed = 00:00:00.323 . Memory (MB): peak = 2029.801 ; gain = 0.000
INFO: [Place 46-56] BUFG insertion identified 0 candidate nets. Inserted BUFG: 0, Replicated BUFG Driver: 0, Skipped due to Placement/Routing Conflicts: 0, Skipped due to Timing Degradation: 0, Skipped due to netlist editing failed: 0.
Ending Physical Synthesis Task | Checksum: 1d26acbd4

Time (s): cpu = 00:00:00 ; elapsed = 00:00:00.455 . Memory (MB): peak = 2029.801 ; gain = 0.000
Phase 4.1.1.1 BUFG Insertion | Checksum: 1b0274ade

Time (s): cpu = 00:01:08 ; elapsed = 00:00:50 . Memory (MB): peak = 2029.801 ; gain = 0.000

Phase 4.1.1.2 Post Placement Timing Optimization
INFO: [Place 30-746] Post Placement Timing Summary WNS=5.648. For the most accurate timing information please run report_timing.
Phase 4.1.1.2 Post Placement Timing Optimization | Checksum: 2913863ac

Time (s): cpu = 00:01:08 ; elapsed = 00:00:50 . Memory (MB): peak = 2029.801 ; gain = 0.000

Time (s): cpu = 00:01:08 ; elapsed = 00:00:50 . Memory (MB): peak = 2029.801 ; gain = 0.000
Phase 4.1 Post Commit Optimization | Checksum: 2913863ac

Time (s): cpu = 00:01:09 ; elapsed = 00:00:50 . Memory (MB): peak = 2029.801 ; gain = 0.000

Phase 4.2 Post Placement Cleanup
Phase 4.2 Post Placement Cleanup | Checksum: 2913863ac

Time (s): cpu = 00:01:09 ; elapsed = 00:00:50 . Memory (MB): peak = 2029.801 ; gain = 0.000

Phase 4.3 Placer Reporting

Phase 4.3.1 Print Estimated Congestion
INFO: [Place 30-612] Post-Placement Estimated Congestion 
 ____________________________________________________
|           | Global Congestion | Short Congestion  |
| Direction | Region Size       | Region Size       |
|___________|___________________|___________________|
|      North|                1x1|                2x2|
|___________|___________________|___________________|
|      South|                1x1|                1x1|
|___________|___________________|___________________|
|       East|                1x1|                1x1|
|___________|___________________|___________________|
|       West|                1x1|                1x1|
|___________|___________________|___________________|

Phase 4.3.1 Print Estimated Congestion | Checksum: 2913863ac

Time (s): cpu = 00:01:09 ; elapsed = 00:00:50 . Memory (MB): peak = 2029.801 ; gain = 0.000
Phase 4.3 Placer Reporting | Checksum: 2913863ac

Time (s): cpu = 00:01:09 ; elapsed = 00:00:50 . Memory (MB): peak = 2029.801 ; gain = 0.000

Phase 4.4 Final Placement Cleanup
Netlist sorting complete. Time (s): cpu = 00:00:00 ; elapsed = 00:00:00.008 . Memory (MB): peak = 2029.801 ; gain = 0.000

Time (s): cpu = 00:01:09 ; elapsed = 00:00:50 . Memory (MB): peak = 2029.801 ; gain = 0.000
Phase 4 Post Placement Optimization and Clean-Up | Checksum: 2b502a8dd

Time (s): cpu = 00:01:09 ; elapsed = 00:00:50 . Memory (MB): peak = 2029.801 ; gain = 0.000
Ending Placer Task | Checksum: 1c6f7a82a

Time (s): cpu = 00:01:09 ; elapsed = 00:00:50 . Memory (MB): peak = 2029.801 ; gain = 0.000
62 Infos, 0 Warnings, 0 Critical Warnings and 0 Errors encountered.
place_design completed successfully
place_design: Time (s): cpu = 00:01:11 ; elapsed = 00:00:52 . Memory (MB): peak = 2029.801 ; gain = 0.000
INFO: [Vivado 12-24838] Running report commands "report_control_sets, report_io, report_utilization" in parallel.
Running report generation with 2 threads.
INFO: [Vivado 12-24828] Executing command : report_io -file top_unit_pipelined_io_placed.rpt
report_io: Time (s): cpu = 00:00:00 ; elapsed = 00:00:00.276 . Memory (MB): peak = 2029.801 ; gain = 0.000
INFO: [Vivado 12-24828] Executing command : report_control_sets -verbose -file top_unit_pipelined_control_sets_placed.rpt
report_control_sets: Time (s): cpu = 00:00:01 ; elapsed = 00:00:00.033 . Memory (MB): peak = 2029.801 ; gain = 0.000
INFO: [Vivado 12-24828] Executing command : report_utilization -file top_unit_pipelined_utilization_placed.rpt -pb top_unit_pipelined_utilization_placed.pb
Wrote PlaceDB: Time (s): cpu = 00:00:00 ; elapsed = 00:00:00 . Memory (MB): peak = 2029.801 ; gain = 0.000
INFO: [Timing 38-480] Writing timing data to binary archive.
Wrote PulsedLatchDB: Time (s): cpu = 00:00:00 ; elapsed = 00:00:00 . Memory (MB): peak = 2029.801 ; gain = 0.000
Writing XDEF routing.
Writing XDEF routing logical nets.
Writing XDEF routing special nets.
Wrote RouteStorage: Time (s): cpu = 00:00:00 ; elapsed = 00:00:00.042 . Memory (MB): peak = 2029.801 ; gain = 0.000
Write ShapeDB Complete: Time (s): cpu = 00:00:00 ; elapsed = 00:00:00.061 . Memory (MB): peak = 2029.801 ; gain = 0.000
Wrote PlaceStorage: Time (s): cpu = 00:00:01 ; elapsed = 00:00:00.569 . Memory (MB): peak = 2029.801 ; gain = 0.000
Wrote Netlist Cache: Time (s): cpu = 00:00:00 ; elapsed = 00:00:00.048 . Memory (MB): peak = 2029.801 ; gain = 0.000
Wrote Device Cache: Time (s): cpu = 00:00:00 ; elapsed = 00:00:00.008 . Memory (MB): peak = 2029.801 ; gain = 0.000
Write Physdb Complete: Time (s): cpu = 00:00:01 ; elapsed = 00:00:00.684 . Memory (MB): peak = 2029.801 ; gain = 0.000
INFO: [Common 17-1381] The checkpoint 'D:/project_terminal_problem_solve/project_terminal_problem_solve.runs/impl_1/top_unit_pipelined_placed.dcp' has been generated.
Command: phys_opt_design
Attempting to get a license for feature 'Vivado_Implementation' and/or device 'xc7a100t'
INFO: [Common 17-349] Got license for feature 'Vivado_Implementation' and/or device 'xc7a100t'

Starting Initial Update Timing Task

Time (s): cpu = 00:00:04 ; elapsed = 00:00:03 . Memory (MB): peak = 2029.801 ; gain = 0.000
INFO: [Vivado_Tcl 4-2279] Estimated Timing Summary | WNS= 5.648 | TNS= 0.000 | 
INFO: [Vivado_Tcl 4-383] Design worst setup slack (WNS) is greater than or equal to 0.000 ns. All physical synthesis setup optimizations will be skipped.
INFO: [Vivado_Tcl 4-232] No setup violation found. The netlist was not modified.
INFO: [Common 17-83] Releasing license: Vivado_Implementation
73 Infos, 0 Warnings, 0 Critical Warnings and 0 Errors encountered.
phys_opt_design completed successfully
INFO: [Timing 38-480] Writing timing data to binary archive.
Wrote PlaceDB: Time (s): cpu = 00:00:00 ; elapsed = 00:00:00 . Memory (MB): peak = 2029.801 ; gain = 0.000
Wrote PulsedLatchDB: Time (s): cpu = 00:00:00 ; elapsed = 00:00:00 . Memory (MB): peak = 2029.801 ; gain = 0.000
Writing XDEF routing.
Writing XDEF routing logical nets.
Writing XDEF routing special nets.
Wrote RouteStorage: Time (s): cpu = 00:00:00 ; elapsed = 00:00:00.035 . Memory (MB): peak = 2029.801 ; gain = 0.000
Write ShapeDB Complete: Time (s): cpu = 00:00:00 ; elapsed = 00:00:00.052 . Memory (MB): peak = 2029.801 ; gain = 0.000
Wrote PlaceStorage: Time (s): cpu = 00:00:02 ; elapsed = 00:00:00.579 . Memory (MB): peak = 2029.801 ; gain = 0.000
Wrote Netlist Cache: Time (s): cpu = 00:00:00 ; elapsed = 00:00:00.019 . Memory (MB): peak = 2029.801 ; gain = 0.000
Wrote Device Cache: Time (s): cpu = 00:00:00 ; elapsed = 00:00:00.008 . Memory (MB): peak = 2029.801 ; gain = 0.000
Write Physdb Complete: Time (s): cpu = 00:00:02 ; elapsed = 00:00:00.658 . Memory (MB): peak = 2029.801 ; gain = 0.000
INFO: [Common 17-1381] The checkpoint 'D:/project_terminal_problem_solve/project_terminal_problem_solve.runs/impl_1/top_unit_pipelined_physopt.dcp' has been generated.
Command: route_design
Attempting to get a license for feature 'Vivado_Implementation' and/or device 'xc7a100t'
INFO: [Common 17-349] Got license for feature 'Vivado_Implementation' and/or device 'xc7a100t'


Starting Routing Task
INFO: [Route 35-254] Multithreading enabled for route_design using a maximum of 2 CPUs

Phase 1 Build RT Design
Checksum: PlaceDB: a965a3fb ConstDB: 0 ShapeSum: 6bbfa499 RouteDB: b1d25f96
Post Restoration Checksum: NetGraph: d6e32956 | NumContArr: e9434d45 | Constraints: c2a8fa9d | Timing: c2a8fa9d
Phase 1 Build RT Design | Checksum: 345786bd5

Time (s): cpu = 00:01:01 ; elapsed = 00:00:58 . Memory (MB): peak = 2029.801 ; gain = 0.000

Phase 2 Router Initialization

Phase 2.1 Fix Topology Constraints
Phase 2.1 Fix Topology Constraints | Checksum: 345786bd5

Time (s): cpu = 00:01:01 ; elapsed = 00:00:59 . Memory (MB): peak = 2029.801 ; gain = 0.000

Phase 2.2 Pre Route Cleanup
Phase 2.2 Pre Route Cleanup | Checksum: 345786bd5

Time (s): cpu = 00:01:01 ; elapsed = 00:00:59 . Memory (MB): peak = 2029.801 ; gain = 0.000
 Number of Nodes with overlaps = 0

Phase 2.3 Update Timing
Phase 2.3 Update Timing | Checksum: 20b2336ed

Time (s): cpu = 00:01:08 ; elapsed = 00:01:05 . Memory (MB): peak = 2029.801 ; gain = 0.000
INFO: [Route 35-416] Intermediate Timing Summary | WNS=6.221  | TNS=0.000  | WHS=-0.172 | THS=-31.778|


Phase 2.4 Soft Constraint Pins - Fast Budgeting
Phase 2.4 Soft Constraint Pins - Fast Budgeting | Checksum: 1843c5a10

Time (s): cpu = 00:01:10 ; elapsed = 00:01:07 . Memory (MB): peak = 2029.801 ; gain = 0.000

Router Utilization Summary
  Global Vertical Routing Utilization    = 0 %
  Global Horizontal Routing Utilization  = 0 %
  Routable Net Status*
  *Does not include unroutable nets such as driverless and loadless.
  Run report_route_status for detailed report.
  Number of Failed Nets               = 6783
    (Failed Nets is the sum of unrouted and partially routed nets)
  Number of Unrouted Nets             = 6783
  Number of Partially Routed Nets     = 0
  Number of Node Overlaps             = 0

Phase 2 Router Initialization | Checksum: 1843c5a10

Time (s): cpu = 00:01:11 ; elapsed = 00:01:08 . Memory (MB): peak = 2029.801 ; gain = 0.000

Phase 3 Global Routing
Phase 3 Global Routing | Checksum: 1843c5a10

Time (s): cpu = 00:01:11 ; elapsed = 00:01:08 . Memory (MB): peak = 2029.801 ; gain = 0.000

Phase 4 Initial Routing

Phase 4.1 Initial Net Routing Pass
Phase 4.1 Initial Net Routing Pass | Checksum: 2962aff81

Time (s): cpu = 00:01:14 ; elapsed = 00:01:10 . Memory (MB): peak = 2029.801 ; gain = 0.000
Phase 4 Initial Routing | Checksum: 2962aff81

Time (s): cpu = 00:01:14 ; elapsed = 00:01:10 . Memory (MB): peak = 2029.801 ; gain = 0.000

Phase 5 Rip-up And Reroute

Phase 5.1 Global Iteration 0
 Number of Nodes with overlaps = 2175
 Number of Nodes with overlaps = 533
 Number of Nodes with overlaps = 87
 Number of Nodes with overlaps = 15
 Number of Nodes with overlaps = 5
 Number of Nodes with overlaps = 1
 Number of Nodes with overlaps = 0
INFO: [Route 35-416] Intermediate Timing Summary | WNS=5.586  | TNS=0.000  | WHS=N/A    | THS=N/A    |

Phase 5.1 Global Iteration 0 | Checksum: 24cbe37de

Time (s): cpu = 00:01:38 ; elapsed = 00:01:24 . Memory (MB): peak = 2029.801 ; gain = 0.000
Phase 5 Rip-up And Reroute | Checksum: 24cbe37de

Time (s): cpu = 00:01:38 ; elapsed = 00:01:24 . Memory (MB): peak = 2029.801 ; gain = 0.000

Phase 6 Delay and Skew Optimization

Phase 6.1 Delay CleanUp
Phase 6.1 Delay CleanUp | Checksum: 24cbe37de

Time (s): cpu = 00:01:38 ; elapsed = 00:01:24 . Memory (MB): peak = 2029.801 ; gain = 0.000

Phase 6.2 Clock Skew Optimization
Phase 6.2 Clock Skew Optimization | Checksum: 24cbe37de

Time (s): cpu = 00:01:38 ; elapsed = 00:01:24 . Memory (MB): peak = 2029.801 ; gain = 0.000
Phase 6 Delay and Skew Optimization | Checksum: 24cbe37de

Time (s): cpu = 00:01:38 ; elapsed = 00:01:24 . Memory (MB): peak = 2029.801 ; gain = 0.000

Phase 7 Post Hold Fix

Phase 7.1 Hold Fix Iter
INFO: [Route 35-416] Intermediate Timing Summary | WNS=5.673  | TNS=0.000  | WHS=0.103  | THS=0.000  |

Phase 7.1 Hold Fix Iter | Checksum: 25801fcca

Time (s): cpu = 00:01:39 ; elapsed = 00:01:25 . Memory (MB): peak = 2029.801 ; gain = 0.000
Phase 7 Post Hold Fix | Checksum: 25801fcca

Time (s): cpu = 00:01:39 ; elapsed = 00:01:25 . Memory (MB): peak = 2029.801 ; gain = 0.000

Phase 8 Route finalize

Router Utilization Summary
  Global Vertical Routing Utilization    = 1.43561 %
  Global Horizontal Routing Utilization  = 1.90693 %
  Routable Net Status*
  *Does not include unroutable nets such as driverless and loadless.
  Run report_route_status for detailed report.
  Number of Failed Nets               = 0
    (Failed Nets is the sum of unrouted and partially routed nets)
  Number of Unrouted Nets             = 0
  Number of Partially Routed Nets     = 0
  Number of Node Overlaps             = 0

Phase 8 Route finalize | Checksum: 25801fcca

Time (s): cpu = 00:01:39 ; elapsed = 00:01:25 . Memory (MB): peak = 2029.801 ; gain = 0.000

Phase 9 Verifying routed nets

 Verification completed successfully
Phase 9 Verifying routed nets | Checksum: 25801fcca

Time (s): cpu = 00:01:39 ; elapsed = 00:01:25 . Memory (MB): peak = 2029.801 ; gain = 0.000

Phase 10 Depositing Routes
Phase 10 Depositing Routes | Checksum: 209bbdb4f

Time (s): cpu = 00:01:41 ; elapsed = 00:01:27 . Memory (MB): peak = 2029.801 ; gain = 0.000

Phase 11 Post Process Routing
Phase 11 Post Process Routing | Checksum: 209bbdb4f

Time (s): cpu = 00:01:41 ; elapsed = 00:01:28 . Memory (MB): peak = 2029.801 ; gain = 0.000

Phase 12 Post Router Timing
INFO: [Route 35-57] Estimated Timing Summary | WNS=5.673  | TNS=0.000  | WHS=0.103  | THS=0.000  |

INFO: [Route 35-327] The final timing numbers are based on the router estimated timing analysis. For a complete and accurate timing signoff, please run report_timing_summary.
Phase 12 Post Router Timing | Checksum: 209bbdb4f

Time (s): cpu = 00:01:41 ; elapsed = 00:01:28 . Memory (MB): peak = 2029.801 ; gain = 0.000
Total Elapsed time in route_design: 87.276 secs

Phase 13 Post-Route Event Processing
Phase 13 Post-Route Event Processing | Checksum: 1f01ca854

Time (s): cpu = 00:01:41 ; elapsed = 00:01:28 . Memory (MB): peak = 2029.801 ; gain = 0.000
INFO: [Route 35-16] Router Completed Successfully
Ending Routing Task | Checksum: 1f01ca854

Time (s): cpu = 00:01:41 ; elapsed = 00:01:28 . Memory (MB): peak = 2029.801 ; gain = 0.000

Routing Is Done.
INFO: [Common 17-83] Releasing license: Vivado_Implementation
84 Infos, 0 Warnings, 0 Critical Warnings and 0 Errors encountered.
route_design completed successfully
route_design: Time (s): cpu = 00:01:42 ; elapsed = 00:01:29 . Memory (MB): peak = 2029.801 ; gain = 0.000
INFO: [Vivado 12-24828] Executing command : report_drc -file top_unit_pipelined_drc_routed.rpt -pb top_unit_pipelined_drc_routed.pb -rpx top_unit_pipelined_drc_routed.rpx
Command: report_drc -file top_unit_pipelined_drc_routed.rpt -pb top_unit_pipelined_drc_routed.pb -rpx top_unit_pipelined_drc_routed.rpx
INFO: [IP_Flow 19-1839] IP Catalog is up to date.
INFO: [DRC 23-27] Running DRC with 2 threads
INFO: [Vivado_Tcl 2-168] The results of DRC are in file D:/project_terminal_problem_solve/project_terminal_problem_solve.runs/impl_1/top_unit_pipelined_drc_routed.rpt.
report_drc completed successfully
INFO: [Vivado 12-24828] Executing command : report_methodology -file top_unit_pipelined_methodology_drc_routed.rpt -pb top_unit_pipelined_methodology_drc_routed.pb -rpx top_unit_pipelined_methodology_drc_routed.rpx
Command: report_methodology -file top_unit_pipelined_methodology_drc_routed.rpt -pb top_unit_pipelined_methodology_drc_routed.pb -rpx top_unit_pipelined_methodology_drc_routed.rpx
INFO: [Timing 38-35] Done setting XDC timing constraints.
INFO: [DRC 23-133] Running Methodology with 2 threads
INFO: [Vivado_Tcl 2-1520] The results of Report Methodology are in file D:/project_terminal_problem_solve/project_terminal_problem_solve.runs/impl_1/top_unit_pipelined_methodology_drc_routed.rpt.
report_methodology completed successfully
report_methodology: Time (s): cpu = 00:00:10 ; elapsed = 00:00:06 . Memory (MB): peak = 2029.801 ; gain = 0.000
INFO: [Vivado 12-24828] Executing command : report_timing_summary -max_paths 10 -routable_nets -report_unconstrained -file top_unit_pipelined_timing_summary_routed.rpt -pb top_unit_pipelined_timing_summary_routed.pb -rpx top_unit_pipelined_timing_summary_routed.rpx -warn_on_violation 
INFO: [Timing 38-35] Done setting XDC timing constraints.
INFO: [Timing 38-91] UpdateTimingParams: Speed grade: -1, Delay Type: min_max.
INFO: [Timing 38-191] Multithreading enabled for timing update using a maximum of 2 CPUs
INFO: [Vivado 12-24838] Running report commands "report_incremental_reuse, report_route_status" in parallel.
Running report generation with 2 threads.
INFO: [Vivado 12-24828] Executing command : report_incremental_reuse -file top_unit_pipelined_incremental_reuse_routed.rpt
INFO: [Vivado_Tcl 4-1062] Incremental flow is disabled. No incremental reuse Info to report.
INFO: [Vivado 12-24828] Executing command : report_route_status -file top_unit_pipelined_route_status.rpt -pb top_unit_pipelined_route_status.pb
INFO: [Vivado 12-24828] Executing command : report_power -file top_unit_pipelined_power_routed.rpt -pb top_unit_pipelined_power_summary_routed.pb -rpx top_unit_pipelined_power_routed.rpx
Command: report_power -file top_unit_pipelined_power_routed.rpt -pb top_unit_pipelined_power_summary_routed.pb -rpx top_unit_pipelined_power_routed.rpx
Running Vector-less Activity Propagation...

Finished Running Vector-less Activity Propagation
101 Infos, 0 Warnings, 0 Critical Warnings and 0 Errors encountered.
report_power completed successfully
INFO: [Vivado 12-24828] Executing command : report_clock_utilization -file top_unit_pipelined_clock_utilization_routed.rpt
INFO: [Vivado 12-24828] Executing command : report_bus_skew -warn_on_violation -file top_unit_pipelined_bus_skew_routed.rpt -pb top_unit_pipelined_bus_skew_routed.pb -rpx top_unit_pipelined_bus_skew_routed.rpx
INFO: [Timing 38-91] UpdateTimingParams: Speed grade: -1, Delay Type: min_max.
INFO: [Timing 38-191] Multithreading enabled for timing update using a maximum of 2 CPUs
generate_parallel_reports: Time (s): cpu = 00:00:24 ; elapsed = 00:00:20 . Memory (MB): peak = 2029.801 ; gain = 0.000
INFO: [Timing 38-480] Writing timing data to binary archive.
Wrote PlaceDB: Time (s): cpu = 00:00:00 ; elapsed = 00:00:00 . Memory (MB): peak = 2029.801 ; gain = 0.000
Wrote PulsedLatchDB: Time (s): cpu = 00:00:00 ; elapsed = 00:00:00 . Memory (MB): peak = 2029.801 ; gain = 0.000
Writing XDEF routing.
Writing XDEF routing logical nets.
Write ShapeDB Complete: Time (s): cpu = 00:00:00 ; elapsed = 00:00:00.044 . Memory (MB): peak = 2029.801 ; gain = 0.000
Writing XDEF routing special nets.
Wrote RouteStorage: Time (s): cpu = 00:00:01 ; elapsed = 00:00:00.254 . Memory (MB): peak = 2029.801 ; gain = 0.000
Wrote PlaceStorage: Time (s): cpu = 00:00:01 ; elapsed = 00:00:00.485 . Memory (MB): peak = 2029.801 ; gain = 0.000
Wrote Netlist Cache: Time (s): cpu = 00:00:00 ; elapsed = 00:00:00.018 . Memory (MB): peak = 2029.801 ; gain = 0.000
Wrote Device Cache: Time (s): cpu = 00:00:00 ; elapsed = 00:00:00.008 . Memory (MB): peak = 2029.801 ; gain = 0.000
Write Physdb Complete: Time (s): cpu = 00:00:02 ; elapsed = 00:00:00.781 . Memory (MB): peak = 2029.801 ; gain = 0.000
INFO: [Common 17-1381] The checkpoint 'D:/project_terminal_problem_solve/project_terminal_problem_solve.runs/impl_1/top_unit_pipelined_routed.dcp' has been generated.
Command: write_bitstream -force top_unit_pipelined.bit
Attempting to get a license for feature 'Vivado_Implementation' and/or device 'xc7a100t'
INFO: [Common 17-349] Got license for feature 'Vivado_Implementation' and/or device 'xc7a100t'
Running DRC as a precondition to command write_bitstream
INFO: [IP_Flow 19-1839] IP Catalog is up to date.
INFO: [DRC 23-27] Running DRC with 2 threads
INFO: [Vivado 12-3199] DRC finished with 0 Errors
INFO: [Vivado 12-3200] Please refer to the DRC report (report_drc) for more information.
Integrating Hard IP ELF/MEM with the PDI.
INFO: [Designutils 20-2272] Running write_bitstream with 2 threads.
Initializing bitstream generation complete. Time (s): cpu = 00:00:02 ; elapsed = 00:00:02 . Memory (MB): peak = 2061.047 ; gain = 31.246
Loading data files...
Loading site data...
Loading route data...
Processing options...
Creating bitmap...
Creating bitstream...
Writing bitstream ./top_unit_pipelined.bit...
Generate Bitstream complete. Time (s): cpu = 00:00:22 ; elapsed = 00:00:18 . Memory (MB): peak = 2327.656 ; gain = 297.855
INFO: [Vivado 12-1842] Bitgen Completed Successfully.
INFO: [Common 17-83] Releasing license: Vivado_Implementation
115 Infos, 0 Warnings, 0 Critical Warnings and 0 Errors encountered.
write_bitstream completed successfully
write_bitstream: Time (s): cpu = 00:00:29 ; elapsed = 00:00:33 . Memory (MB): peak = 2327.656 ; gain = 297.855
INFO: [Common 17-206] Exiting Vivado at Thu Aug 20 15:09:24 2026...
