Copyright 1986-2022 Xilinx, Inc. All Rights Reserved. Copyright 2022-2026 Advanced Micro Devices, Inc. All Rights Reserved.
---------------------------------------------------------------------------------------------------------------------------------------------
| Tool Version : Vivado v.2026.1 (win64) Build 6511674 Tue Jun 16 11:02:23 MDT 2026
| Date         : Sun Aug 16 14:25:51 2026
| Host         : LAPTOP-64BO2FPL running 64-bit major release  (build 9200)
| Command      : report_control_sets -verbose -file top_unit_pipelined_control_sets_placed.rpt
| Design       : top_unit_pipelined
| Device       : xc7a100t
---------------------------------------------------------------------------------------------------------------------------------------------

Control Set Information

Table of Contents
-----------------
1. Summary
2. Histogram
3. Flip-Flop Distribution
4. Detailed Control Set Information

1. Summary
----------

+----------------------------------------------------------+-------+
|                          Status                          | Count |
+----------------------------------------------------------+-------+
| Total control sets                                       |    54 |
|    Minimum number of control sets                        |    54 |
|    Addition due to synthesis replication                 |     0 |
|    Addition due to physical synthesis replication        |     0 |
| Unused register locations in slices containing registers |    43 |
+----------------------------------------------------------+-------+
* Control sets can be merged at opt_design using control_set_merge or merge_equivalent_drivers
** Run report_qor_suggestions for automated merging and remapping suggestions


2. Histogram
------------

+--------------------+-------+
|       Fanout       | Count |
+--------------------+-------+
| Total control sets |    54 |
| >= 0 to < 4        |     0 |
| >= 4 to < 6        |     3 |
| >= 6 to < 8        |     0 |
| >= 8 to < 10       |     1 |
| >= 10 to < 12      |     1 |
| >= 12 to < 14      |     1 |
| >= 14 to < 16      |     0 |
| >= 16              |    48 |
+--------------------+-------+
* Control sets can be remapped at either synth_design or opt_design


3. Flip-Flop Distribution
-------------------------

+--------------+-----------------------+------------------------+-----------------+--------------+
| Clock Enable | Synchronous Set/Reset | Asynchronous Set/Reset | Total Registers | Total Slices |
+--------------+-----------------------+------------------------+-----------------+--------------+
| No           | No                    | No                     |             105 |           40 |
| No           | No                    | Yes                    |               0 |            0 |
| No           | Yes                   | No                     |             549 |          248 |
| Yes          | No                    | No                     |               8 |            3 |
| Yes          | No                    | Yes                    |               0 |            0 |
| Yes          | Yes                   | No                     |            1271 |          696 |
+--------------+-----------------------+------------------------+-----------------+--------------+


4. Detailed Control Set Information
-----------------------------------

+----------------------+----------------------------------------+-----------------------------------+------------------+----------------+--------------+
|     Clock Signal     |              Enable Signal             |          Set/Reset Signal         | Slice Load Count | Bel Load Count | Bels / Slice |
+----------------------+----------------------------------------+-----------------------------------+------------------+----------------+--------------+
|  CLK100MHZ_IBUF_BUFG | tokenizer/mnemonic_reg[29]_0[0]        | decode/register_file/SR[0]        |                1 |              5 |         5.00 |
|  CLK100MHZ_IBUF_BUFG | tokenizer/E[0]                         | decode/register_file/SR[0]        |                2 |              5 |         2.50 |
|  CLK100MHZ_IBUF_BUFG | tokenizer/received_byte_reg[0][0]      | decode/register_file/SR[0]        |                2 |              5 |         2.50 |
|  CLK100MHZ_IBUF_BUFG | execute/E[0]                           |                                   |                3 |              8 |         2.67 |
|  CLK100MHZ_IBUF_BUFG | decode/p_0_in                          | decode/register_file/SR[0]        |                3 |             10 |         3.33 |
|  CLK100MHZ_IBUF_BUFG | UART_rx/cycle_counter[0]               | UART_rx/cycle_counter[13]_i_1_n_0 |                4 |             13 |         3.25 |
|  CLK100MHZ_IBUF_BUFG | mnemonic_decoder/line_ready_d1_reg_n_0 | decode/register_file/SR[0]        |               12 |             26 |         2.17 |
|  CLK100MHZ_IBUF_BUFG | UART_rx/E[0]                           | decode/register_file/SR[0]        |               17 |             30 |         1.76 |
|  CLK100MHZ_IBUF_BUFG | UART_rx/token_num_reg[0]_4[0]          | decode/register_file/SR[0]        |               22 |             30 |         1.36 |
|  CLK100MHZ_IBUF_BUFG | UART_rx/token_num_reg[1]_8[0]          | decode/register_file/SR[0]        |               19 |             30 |         1.58 |
|  CLK100MHZ_IBUF_BUFG | tokenizer/char_ptr[31]_i_1_n_0         | UART_rx/received_byte_reg[5]_0    |               23 |             30 |         1.30 |
|  CLK100MHZ_IBUF_BUFG | decode/E[0]                            | decode/JumpE_reg_0[0]             |                6 |             31 |         5.17 |
|  CLK100MHZ_IBUF_BUFG | memory_access/RegWriteW_reg_4[0]       | decode/register_file/SR[0]        |               11 |             32 |         2.91 |
|  CLK100MHZ_IBUF_BUFG | memory_access/RegWriteW_reg_7[0]       | decode/register_file/SR[0]        |               21 |             32 |         1.52 |
|  CLK100MHZ_IBUF_BUFG | tokenizer/received_byte_reg[0]_0[0]    | decode/register_file/SR[0]        |               21 |             32 |         1.52 |
|  CLK100MHZ_IBUF_BUFG | memory_access/RegWriteW_reg_22[0]      | decode/register_file/SR[0]        |               16 |             32 |         2.00 |
|  CLK100MHZ_IBUF_BUFG | memory_access/RegWriteW_reg_28[0]      | decode/register_file/SR[0]        |               16 |             32 |         2.00 |
|  CLK100MHZ_IBUF_BUFG | memory_access/RegWriteW_reg_29[0]      | decode/register_file/SR[0]        |               18 |             32 |         1.78 |
|  CLK100MHZ_IBUF_BUFG | memory_access/RegWriteW_reg_23[0]      | decode/register_file/SR[0]        |               23 |             32 |         1.39 |
|  CLK100MHZ_IBUF_BUFG | memory_access/RegWriteW_reg_14[0]      | decode/register_file/SR[0]        |               19 |             32 |         1.68 |
|  CLK100MHZ_IBUF_BUFG | memory_access/RegWriteW_reg_19[0]      | decode/register_file/SR[0]        |               15 |             32 |         2.13 |
|  CLK100MHZ_IBUF_BUFG | memory_access/RegWriteW_reg_18[0]      | decode/register_file/SR[0]        |               13 |             32 |         2.46 |
|  CLK100MHZ_IBUF_BUFG | memory_access/RegWriteW_reg_1[0]       | decode/register_file/SR[0]        |               23 |             32 |         1.39 |
|  CLK100MHZ_IBUF_BUFG | memory_access/RegWriteW_reg_12[0]      | decode/register_file/SR[0]        |               17 |             32 |         1.88 |
|  CLK100MHZ_IBUF_BUFG | memory_access/RegWriteW_reg_11[0]      | decode/register_file/SR[0]        |               19 |             32 |         1.68 |
|  CLK100MHZ_IBUF_BUFG | memory_access/RegWriteW_reg_13[0]      | decode/register_file/SR[0]        |               12 |             32 |         2.67 |
|  CLK100MHZ_IBUF_BUFG | memory_access/RegWriteW_reg_15[0]      | decode/register_file/SR[0]        |               13 |             32 |         2.46 |
|  CLK100MHZ_IBUF_BUFG | mnemonic_decoder/line_ready_d2         | decode/register_file/SR[0]        |               13 |             32 |         2.46 |
|  CLK100MHZ_IBUF_BUFG | memory_access/RegWriteW_reg_24[0]      | decode/register_file/SR[0]        |               23 |             32 |         1.39 |
|  CLK100MHZ_IBUF_BUFG | memory_access/RegWriteW_reg_17[0]      | decode/register_file/SR[0]        |               22 |             32 |         1.45 |
|  CLK100MHZ_IBUF_BUFG | memory_access/RegWriteW_reg_20[0]      | decode/register_file/SR[0]        |               14 |             32 |         2.29 |
|  CLK100MHZ_IBUF_BUFG | memory_access/RegWriteW_reg_21[0]      | decode/register_file/SR[0]        |               19 |             32 |         1.68 |
|  CLK100MHZ_IBUF_BUFG | memory_access/RegWriteW_reg_25[0]      | decode/register_file/SR[0]        |               17 |             32 |         1.88 |
|  CLK100MHZ_IBUF_BUFG | memory_access/RegWriteW_reg_10[0]      | decode/register_file/SR[0]        |               25 |             32 |         1.28 |
|  CLK100MHZ_IBUF_BUFG | memory_access/RegWriteW_reg_16[0]      | decode/register_file/SR[0]        |               27 |             32 |         1.19 |
|  CLK100MHZ_IBUF_BUFG | memory_access/RegWriteW_reg_26[0]      | decode/register_file/SR[0]        |               17 |             32 |         1.88 |
|  CLK100MHZ_IBUF_BUFG | memory_access/RegWriteW_reg_27[0]      | decode/register_file/SR[0]        |               15 |             32 |         2.13 |
|  CLK100MHZ_IBUF_BUFG | memory_access/RegWriteW_reg_2[0]       | decode/register_file/SR[0]        |               18 |             32 |         1.78 |
|  CLK100MHZ_IBUF_BUFG | memory_access/RegWriteW_reg_30[0]      | decode/register_file/SR[0]        |               14 |             32 |         2.29 |
|  CLK100MHZ_IBUF_BUFG | memory_access/RegWriteW_reg_3[0]       | decode/register_file/SR[0]        |               16 |             32 |         2.00 |
|  CLK100MHZ_IBUF_BUFG | memory_access/RegWriteW_reg_8[0]       | decode/register_file/SR[0]        |               19 |             32 |         1.68 |
|  CLK100MHZ_IBUF_BUFG | memory_access/RegWriteW_reg_5[0]       | decode/register_file/SR[0]        |               14 |             32 |         2.29 |
|  CLK100MHZ_IBUF_BUFG | memory_access/RegWriteW_reg_31[0]      | decode/register_file/SR[0]        |               20 |             32 |         1.60 |
|  CLK100MHZ_IBUF_BUFG | memory_access/RegWriteW_reg_6[0]       | decode/register_file/SR[0]        |               17 |             32 |         1.88 |
|  CLK100MHZ_IBUF_BUFG | memory_access/RegWriteW_reg_9[0]       | decode/register_file/SR[0]        |               18 |             32 |         1.78 |
|  CLK100MHZ_IBUF_BUFG |                                        |                                   |               16 |             41 |         2.56 |
|  hazard_unit/p_4_in  |                                        |                                   |               24 |             64 |         2.67 |
|  CLK100MHZ_IBUF_BUFG |                                        | decode/Imm_outE[31]_i_1_n_0       |               42 |            126 |         3.00 |
|  CLK100MHZ_IBUF_BUFG | execute/MemWriteM_reg_0                |                                   |               32 |            128 |         4.00 |
|  CLK100MHZ_IBUF_BUFG | execute/ALuResultM_reg[11]_1           |                                   |               32 |            128 |         4.00 |
|  CLK100MHZ_IBUF_BUFG | execute/MemWriteM_reg_1                |                                   |               32 |            128 |         4.00 |
|  CLK100MHZ_IBUF_BUFG | execute/ALuResultM_reg[10]_0           |                                   |               32 |            128 |         4.00 |
|  CLK100MHZ_IBUF_BUFG |                                        | decode/register_file/SR[0]        |               85 |            183 |         2.15 |
|  CLK100MHZ_IBUF_BUFG |                                        | UART_rx/received_byte_reg[5]_0    |              121 |            240 |         1.98 |
+----------------------+----------------------------------------+-----------------------------------+------------------+----------------+--------------+


