Copyright 1986-2022 Xilinx, Inc. All Rights Reserved. Copyright 2022-2026 Advanced Micro Devices, Inc. All Rights Reserved.
---------------------------------------------------------------------------------------------------------------------------------------------
| Tool Version : Vivado v.2026.1 (win64) Build 6511674 Tue Jun 16 11:02:23 MDT 2026
| Date         : Sat Aug 22 11:50:04 2026
| Host         : LAPTOP-64BO2FPL running 64-bit major release  (build 9200)
| Command      : report_control_sets -verbose -file top_unit_pipelined_control_sets_placed.rpt
| Design       : top_unit_pipelined
| Device       : xc7a100t
---------------------------------------------------------------------------------------------------------------------------------------------

Control Set Information

Table of Contents
-----------------
1. Summary
2. Histogram
3. Flip-Flop Distribution
4. Detailed Control Set Information

1. Summary
----------

+----------------------------------------------------------+-------+
|                          Status                          | Count |
+----------------------------------------------------------+-------+
| Total control sets                                       |    39 |
|    Minimum number of control sets                        |    39 |
|    Addition due to synthesis replication                 |     0 |
|    Addition due to physical synthesis replication        |     0 |
| Unused register locations in slices containing registers |    75 |
+----------------------------------------------------------+-------+
* Control sets can be merged at opt_design using control_set_merge or merge_equivalent_drivers
** Run report_qor_suggestions for automated merging and remapping suggestions


2. Histogram
------------

+--------------------+-------+
|       Fanout       | Count |
+--------------------+-------+
| Total control sets |    39 |
| >= 0 to < 4        |     1 |
| >= 4 to < 6        |     4 |
| >= 6 to < 8        |     9 |
| >= 8 to < 10       |     1 |
| >= 10 to < 12      |     1 |
| >= 12 to < 14      |     1 |
| >= 14 to < 16      |     1 |
| >= 16              |    21 |
+--------------------+-------+
* Control sets can be remapped at either synth_design or opt_design


3. Flip-Flop Distribution
-------------------------

+--------------+-----------------------+------------------------+-----------------+--------------+
| Clock Enable | Synchronous Set/Reset | Asynchronous Set/Reset | Total Registers | Total Slices |
+--------------+-----------------------+------------------------+-----------------+--------------+
| No           | No                    | No                     |              46 |           20 |
| No           | No                    | Yes                    |               0 |            0 |
| No           | Yes                   | No                     |             554 |          266 |
| Yes          | No                    | No                     |              46 |           13 |
| Yes          | No                    | Yes                    |               0 |            0 |
| Yes          | Yes                   | No                     |             439 |          205 |
+--------------+-----------------------+------------------------+-----------------+--------------+


4. Detailed Control Set Information
-----------------------------------

+----------------------+----------------------------------------+--------------------------------------+------------------+----------------+--------------+
|     Clock Signal     |              Enable Signal             |           Set/Reset Signal           | Slice Load Count | Bel Load Count | Bels / Slice |
+----------------------+----------------------------------------+--------------------------------------+------------------+----------------+--------------+
|  CLK100MHZ_IBUF_BUFG | UART_tx/tx_i_1_n_0                     |                                      |                1 |              1 |         1.00 |
|  CLK100MHZ_IBUF_BUFG | UART_tx/FSM_onehot_state[3]_i_2_n_0    | UART_tx/FSM_onehot_state[3]_i_1_n_0  |                1 |              4 |         4.00 |
|  CLK100MHZ_IBUF_BUFG | tokenizer/received_byte_reg[0][0]      | result_to_ascii/reset                |                3 |              5 |         1.67 |
|  CLK100MHZ_IBUF_BUFG | tokenizer/mnemonic_reg[8]_1[0]         | result_to_ascii/reset                |                3 |              5 |         1.67 |
|  CLK100MHZ_IBUF_BUFG | tokenizer/E[0]                         | result_to_ascii/reset                |                4 |              5 |         1.25 |
|  CLK100MHZ_IBUF_BUFG | UART_tx/shift_reg[6]_i_1_n_0           |                                      |                4 |              6 |         1.50 |
|  CLK100MHZ_IBUF_BUFG | result_to_ascii/ascii_conv[46]_i_1_n_0 | result_to_ascii/reset                |                3 |              6 |         2.00 |
|  CLK100MHZ_IBUF_BUFG | result_to_ascii/ascii_conv[14]_i_1_n_0 | result_to_ascii/reset                |                2 |              6 |         3.00 |
|  CLK100MHZ_IBUF_BUFG | result_to_ascii/ascii_conv[22]_i_1_n_0 | result_to_ascii/reset                |                2 |              6 |         3.00 |
|  CLK100MHZ_IBUF_BUFG | result_to_ascii/ascii_conv[30]_i_1_n_0 | result_to_ascii/reset                |                2 |              6 |         3.00 |
|  CLK100MHZ_IBUF_BUFG | result_to_ascii/ascii_conv[38]_i_1_n_0 | result_to_ascii/reset                |                2 |              6 |         3.00 |
|  CLK100MHZ_IBUF_BUFG | result_to_ascii/ascii_conv[54]_i_1_n_0 | result_to_ascii/reset                |                2 |              6 |         3.00 |
|  CLK100MHZ_IBUF_BUFG | result_to_ascii/ascii_conv[62]_i_1_n_0 | result_to_ascii/reset                |                2 |              6 |         3.00 |
|  CLK100MHZ_IBUF_BUFG | result_to_ascii/ascii_conv[6]_i_1_n_0  | result_to_ascii/reset                |                2 |              6 |         3.00 |
|  CLK100MHZ_IBUF_BUFG | memory_access/E[0]                     |                                      |                2 |              8 |         4.00 |
|  CLK100MHZ_IBUF_BUFG | decode/p_0_in                          | result_to_ascii/reset                |                3 |             10 |         3.33 |
|  CLK100MHZ_IBUF_BUFG | UART_rx/cycle_counter[0]               | UART_rx/cycle_counter[13]_i_1__0_n_0 |                4 |             13 |         3.25 |
|  CLK100MHZ_IBUF_BUFG | UART_tx/cycle_counter[13]_i_2_n_0      | UART_tx/cycle_counter[13]_i_1_n_0    |                5 |             14 |         2.80 |
|  CLK100MHZ_IBUF_BUFG | mnemonic_decoder/line_ready_d1_reg_n_0 | result_to_ascii/reset                |               14 |             26 |         1.86 |
|  CLK100MHZ_IBUF_BUFG | tokenizer/char_ptr[31]_i_1_n_0         | UART_rx/received_byte_reg[5]_0       |               22 |             30 |         1.36 |
|  CLK100MHZ_IBUF_BUFG | UART_rx/token_num_reg[0]_4[0]          | result_to_ascii/reset                |               14 |             30 |         2.14 |
|  CLK100MHZ_IBUF_BUFG | UART_rx/E[0]                           | result_to_ascii/reset                |               13 |             30 |         2.31 |
|  CLK100MHZ_IBUF_BUFG | UART_rx/token_num_reg[1]_8[0]          | result_to_ascii/reset                |               18 |             30 |         1.67 |
|  CLK100MHZ_IBUF_BUFG | decode/E[0]                            | decode/SR[0]                         |                8 |             31 |         3.88 |
|  CLK100MHZ_IBUF_BUFG | mnemonic_decoder/line_ready_d2         | result_to_ascii/reset                |               14 |             31 |         2.21 |
|  CLK100MHZ_IBUF_BUFG | instruction_assembler/instr_valid      |                                      |                6 |             31 |         5.17 |
|  CLK100MHZ_IBUF_BUFG | UART_tx/i[31]_i_2_n_0                  | UART_tx/i[31]_i_1_n_0                |                9 |             31 |         3.44 |
|  CLK100MHZ_IBUF_BUFG | result_to_ascii/result_hold[0]         | result_to_ascii/reset                |               18 |             32 |         1.78 |
|  CLK100MHZ_IBUF_BUFG | tokenizer/received_byte_reg[0]_0[0]    | result_to_ascii/reset                |               27 |             32 |         1.19 |
|  CLK100MHZ_IBUF_BUFG | result_to_ascii/i[0]                   | result_to_ascii/reset                |                8 |             32 |         4.00 |
|  CLK100MHZ_IBUF_BUFG |                                        |                                      |               20 |             46 |         2.30 |
|  CLK100MHZ_IBUF_BUFG | memory_access/p_0_in__0                |                                      |               11 |             88 |         8.00 |
|  CLK100MHZ_IBUF_BUFG |                                        | decode/Imm_outE[31]_i_1_n_0          |               57 |            126 |         2.21 |
|  CLK100MHZ_IBUF_BUFG | execute/MemWriteM_reg_1                |                                      |               32 |            128 |         4.00 |
|  CLK100MHZ_IBUF_BUFG | execute/ALuResultM_reg[10]_0           |                                      |               32 |            128 |         4.00 |
|  CLK100MHZ_IBUF_BUFG | execute/MemWriteM_reg_0                |                                      |               32 |            128 |         4.00 |
|  CLK100MHZ_IBUF_BUFG | execute/ALuResultM_reg[11]_1           |                                      |               32 |            128 |         4.00 |
|  CLK100MHZ_IBUF_BUFG |                                        | result_to_ascii/reset                |               98 |            188 |         1.92 |
|  CLK100MHZ_IBUF_BUFG |                                        | UART_rx/received_byte_reg[5]_0       |              111 |            240 |         2.16 |
+----------------------+----------------------------------------+--------------------------------------+------------------+----------------+--------------+


